Seq	Host	Starttime	JobRuntime	Send	Receive	Exitval	Signal	Command
6	:	1730286177.235	     0.543	0	0	0	0	sleep 0.54
28	:	1730286177.286	     0.602	0	0	0	0	sleep 0.6
17	:	1730286177.260	     0.803	0	0	0	0	sleep 0.8
8	:	1730286177.240	     0.953	0	0	0	0	sleep 0.95
16	:	1730286177.258	     1.054	0	0	0	0	sleep 1.05
7	:	1730286177.237	     1.084	0	0	0	0	sleep 1.08
13	:	1730286177.251	     1.084	0	0	0	0	sleep 1.08
21	:	1730286177.269	     1.122	0	0	0	0	sleep 1.12
4	:	1730286177.230	     1.273	0	0	0	0	sleep 1.27
12	:	1730286177.249	     1.542	0	0	0	0	sleep 1.54
30	:	1730286177.290	     1.572	0	0	0	0	sleep 1.57
3	:	1730286177.228	     1.663	0	0	0	0	sleep 1.66
33	:	1730286178.073	     1.170	0	0	0	0	sleep 1.16
14	:	1730286177.254	     2.103	0	0	0	0	sleep 2.1
1	:	1730286177.223	     2.263	0	0	0	0	sleep 2.26
32	:	1730286177.897	     1.740	0	0	0	0	sleep 1.73
40	:	1730286178.800	     0.909	0	0	0	0	sleep 0.9
39	:	1730286178.508	     1.224	0	0	0	0	sleep 1.22
29	:	1730286177.288	     2.562	0	0	0	0	sleep 2.56
20	:	1730286177.267	     2.943	0	0	0	0	sleep 2.94
42	:	1730286178.899	     1.370	0	0	0	0	sleep 1.36
15	:	1730286177.256	     3.023	0	0	0	0	sleep 3.02
2	:	1730286177.226	     3.092	0	0	0	0	sleep 3.09
45	:	1730286179.499	     0.967	0	0	0	0	sleep 0.96
18	:	1730286177.263	     3.243	0	0	0	0	sleep 3.24
9	:	1730286177.242	     3.352	0	0	0	0	sleep 3.35
26	:	1730286177.281	     3.383	0	0	0	0	sleep 3.38
34	:	1730286178.201	     2.490	0	0	0	0	sleep 2.48
5	:	1730286177.232	     3.512	0	0	0	0	sleep 3.51
50	:	1730286180.217	     0.533	0	0	0	0	sleep 0.53
52	:	1730286180.291	     0.560	0	0	0	0	sleep 0.55
36	:	1730286178.331	     2.560	0	0	0	0	sleep 2.55
48	:	1730286179.735	     1.175	0	0	0	0	sleep 1.17
37	:	1730286178.347	     2.609	0	0	0	0	sleep 2.6
19	:	1730286177.265	     3.773	0	0	0	0	sleep 3.77
27	:	1730286177.283	     3.765	0	0	0	0	sleep 3.76
49	:	1730286179.861	     1.187	0	0	0	0	sleep 1.17
38	:	1730286178.395	     2.783	0	0	0	0	sleep 2.78
11	:	1730286177.246	     4.003	0	0	0	0	sleep 4.0
22	:	1730286177.271	     4.034	0	0	0	0	sleep 4.03
62	:	1730286180.901	     0.562	0	0	0	0	sleep 0.55
23	:	1730286177.274	     4.433	0	0	0	0	sleep 4.43
31	:	1730286177.781	     3.935	0	0	0	0	sleep 3.93
25	:	1730286177.279	     4.473	0	0	0	0	sleep 4.47
55	:	1730286180.515	     1.379	0	0	0	0	sleep 1.37
10	:	1730286177.244	     4.683	0	0	0	0	sleep 4.68
63	:	1730286180.921	     1.081	0	0	0	0	sleep 1.07
56	:	1730286180.604	     1.431	0	0	0	0	sleep 1.42
70	:	1730286181.314	     0.771	0	0	0	0	sleep 0.76
46	:	1730286179.646	     2.481	0	0	0	0	sleep 2.47
24	:	1730286177.276	     4.924	0	0	0	0	sleep 4.92
51	:	1730286180.278	     2.070	0	0	0	0	sleep 2.06
35	:	1730286178.321	     4.040	0	0	0	0	sleep 4.03
47	:	1730286179.713	     2.674	0	0	0	0	sleep 2.67
41	:	1730286178.871	     3.600	0	0	0	0	sleep 3.59
78	:	1730286182.045	     0.562	0	0	0	0	sleep 0.55
44	:	1730286179.365	     3.410	0	0	0	0	sleep 3.4
43	:	1730286179.248	     3.585	0	0	0	0	sleep 3.58
73	:	1730286181.725	     1.171	0	0	0	0	sleep 1.16
65	:	1730286181.047	     2.091	0	0	0	0	sleep 2.08
58	:	1730286180.694	     2.553	0	0	0	0	sleep 2.55
54	:	1730286180.476	     2.950	0	0	0	0	sleep 2.94
83	:	1730286182.372	     1.091	0	0	0	0	sleep 1.08
60	:	1730286180.754	     2.717	0	0	0	0	sleep 2.71
67	:	1730286181.068	     2.440	0	0	0	0	sleep 2.43
68	:	1730286181.188	     2.391	0	0	0	0	sleep 2.38
53	:	1730286180.322	     3.293	0	0	0	0	sleep 3.29
59	:	1730286180.749	     2.892	0	0	0	0	sleep 2.89
82	:	1730286182.358	     1.290	0	0	0	0	sleep 1.28
80	:	1730286182.137	     1.671	0	0	0	0	sleep 1.66
92	:	1730286183.430	     0.743	0	0	0	0	sleep 0.74
66	:	1730286181.057	     3.460	0	0	0	0	sleep 3.45
74	:	1730286181.761	     2.871	0	0	0	0	sleep 2.86
64	:	1730286180.962	     3.726	0	0	0	0	sleep 3.72
79	:	1730286182.095	     2.730	0	0	0	0	sleep 2.72
75	:	1730286181.899	     3.125	0	0	0	0	sleep 3.12
71	:	1730286181.472	     3.631	0	0	0	0	sleep 3.62
69	:	1730286181.259	     3.860	0	0	0	0	sleep 3.85
90	:	1730286183.147	     2.082	0	0	0	0	sleep 2.07
57	:	1730286180.670	     4.664	0	0	0	0	sleep 4.66
76	:	1730286181.932	     3.695	0	0	0	0	sleep 3.69
99	:	1730286183.655	     2.006	0	0	0	0	sleep 2.0
61	:	1730286180.860	     4.851	0	0	0	0	sleep 4.84
95	:	1730286183.512	     2.314	0	0	0	0	sleep 2.31
86	:	1730286182.617	     3.580	0	0	0	0	sleep 3.57
72	:	1730286181.716	     4.529	0	0	0	0	sleep 4.52
100	:	1730286183.817	     2.471	0	0	0	0	sleep 2.46
96	:	1730286183.588	     2.700	0	0	0	0	sleep 2.69
91	:	1730286183.258	     3.051	0	0	0	0	sleep 3.04
89	:	1730286182.907	     3.810	0	0	0	0	sleep 3.8
93	:	1730286183.472	     3.340	0	0	0	0	sleep 3.33
84	:	1730286182.392	     4.475	0	0	0	0	sleep 4.47
77	:	1730286182.012	     4.891	0	0	0	0	sleep 4.88
98	:	1730286183.649	     3.317	0	0	0	0	sleep 3.31
97	:	1730286183.622	     3.347	0	0	0	0	sleep 3.34
81	:	1730286182.209	     4.800	0	0	0	0	sleep 4.79
85	:	1730286182.481	     4.703	0	0	0	0	sleep 4.69
88	:	1730286182.842	     4.513	0	0	0	0	sleep 4.5
94	:	1730286183.481	     4.026	0	0	0	0	sleep 4.02
87	:	1730286182.784	     4.736	0	0	0	0	sleep 4.73
